2026-08-05 04:00:00 BAG-001 LOADED GATE-A1 WN2847 PASSENGER-1001
2026-08-05 04:05:00 BAG-002 LOST TERMINAL-2 WN2847 PASSENGER-1002
2026-08-05 04:10:00 BAG-003 LOADED GATE-B3 WN1923 PASSENGER-1003
2026-08-05 04:15:00 BAG-004 DAMAGED TERMINAL-1 WN3341 PASSENGER-1004
2026-08-05 04:20:00 BAG-005 LOADED GATE-C5 WN4421 PASSENGER-1005
2026-08-05 04:25:00 BAG-006 LOST TERMINAL-3 WN5512 PASSENGER-1006
2026-08-05 04:30:00 BAG-007 LOADED GATE-D7 WN6623 PASSENGER-1007
2026-08-05 04:35:00 BAG-008 DELAYED TERMINAL-2 WN7734 PASSENGER-1008
2026-08-05 04:40:00 BAG-009 LOADED GATE-E9 WN8845 PASSENGER-1009
2026-08-05 04:45:00 BAG-010 LOST TERMINAL-1 WN9956 PASSENGER-1010
2026-08-05 05:00:00 BAG-011 LOADED GATE-F11 WN1011 PASSENGER-1011
2026-08-05 05:05:00 BAG-012 DAMAGED TERMINAL-3 WN1122 PASSENGER-1012
2026-08-05 05:10:00 BAG-013 LOADED GATE-G13 WN1233 PASSENGER-1013
2026-08-05 05:15:00 BAG-014 LOST TERMINAL-2 WN1344 PASSENGER-1014
2026-08-05 05:20:00 BAG-015 LOADED GATE-H15 WN1455 PASSENGER-1015
2026-08-05 05:25:00 BAG-016 DELAYED TERMINAL-1 WN1566 PASSENGER-1016
2026-08-05 05:30:00 BAG-017 LOADED GATE-A17 WN1677 PASSENGER-1017
2026-08-05 05:35:00 BAG-018 LOST TERMINAL-3 WN1788 PASSENGER-1018
2026-08-05 05:40:00 BAG-019 LOADED GATE-B19 WN1899 PASSENGER-1019
2026-08-05 05:45:00 BAG-020 DAMAGED TERMINAL-2 WN2010 PASSENGER-1020
2026-08-05 06:00:00 BAG-021 LOADED GATE-C21 WN2121 PASSENGER-1021
2026-08-05 06:05:00 BAG-022 LOST TERMINAL-1 WN2232 PASSENGER-1022
2026-08-05 06:10:00 BAG-023 LOADED GATE-D23 WN2343 PASSENGER-1023
2026-08-05 06:15:00 BAG-024 DELAYED TERMINAL-3 WN2454 PASSENGER-1024
2026-08-05 06:20:00 BAG-025 LOADED GATE-E25 WN2565 PASSENGER-1025
2026-08-05 06:25:00 BAG-026 LOST TERMINAL-2 WN2676 PASSENGER-1026
2026-08-05 06:30:00 BAG-027 LOADED GATE-F27 WN2787 PASSENGER-1027
2026-08-05 06:35:00 BAG-028 DAMAGED TERMINAL-1 WN2898 PASSENGER-1028
2026-08-05 06:40:00 BAG-029 LOADED GATE-G29 WN2909 PASSENGER-1029
2026-08-05 06:45:00 BAG-030 LOST TERMINAL-3 WN3010 PASSENGER-1030
2026-08-05 07:00:00 BAG-031 LOADED GATE-H31 WN3121 PASSENGER-1031
2026-08-05 07:05:00 BAG-032 DELAYED TERMINAL-2 WN3232 PASSENGER-1032
2026-08-05 07:10:00 BAG-033 LOADED GATE-A33 WN3343 PASSENGER-1033
2026-08-05 07:15:00 BAG-034 LOST TERMINAL-1 WN3454 PASSENGER-1034
2026-08-05 07:20:00 BAG-035 LOADED GATE-B35 WN3565 PASSENGER-1035
2026-08-05 07:25:00 BAG-036 DAMAGED TERMINAL-3 WN3676 PASSENGER-1036
2026-08-05 07:30:00 BAG-037 LOADED GATE-C37 WN3787 PASSENGER-1037
2026-08-05 07:35:00 BAG-038 LOST TERMINAL-2 WN3898 PASSENGER-1038
2026-08-05 07:40:00 BAG-039 LOADED GATE-D39 WN3909 PASSENGER-1039
2026-08-05 07:45:00 BAG-040 DELAYED TERMINAL-1 WN4010 PASSENGER-1040
2026-08-05 08:00:00 BAG-041 LOADED GATE-E41 WN4121 PASSENGER-1041
2026-08-05 08:05:00 BAG-042 LOST TERMINAL-3 WN4232 PASSENGER-1042
2026-08-05 08:10:00 BAG-043 LOADED GATE-F43 WN4343 PASSENGER-1043
2026-08-05 08:15:00 BAG-044 DAMAGED TERMINAL-2 WN4454 PASSENGER-1044
2026-08-05 08:20:00 BAG-045 LOADED GATE-G45 WN4565 PASSENGER-1045
2026-08-05 08:25:00 BAG-046 LOST TERMINAL-1 WN4676 PASSENGER-1046
2026-08-05 08:30:00 BAG-047 LOADED GATE-H47 WN4787 PASSENGER-1047
2026-08-05 08:35:00 BAG-048 DELAYED TERMINAL-3 WN4898 PASSENGER-1048
2026-08-05 08:40:00 BAG-049 LOADED GATE-A49 WN4909 PASSENGER-1049
2026-08-05 08:45:00 BAG-050 LOST TERMINAL-2 WN5010 PASSENGER-1050
