2026-08-05 04:00:00 WN2847 DAL DELAYED 14:30 REASON=LATE_AIRCRAFT
2026-08-05 04:05:00 WN1923 LAX ON-TIME 15:00
2026-08-05 04:10:00 WN3341 MDW CANCELLED REASON=WEATHER
2026-08-05 04:15:00 WN4421 HOU ON-TIME 06:00
2026-08-05 04:20:00 WN5512 PHX DELAYED 07:30 REASON=CREW
2026-08-05 04:25:00 WN6623 DEN ON-TIME 08:00
2026-08-05 04:30:00 WN7734 LAS DELAYED 09:15 REASON=MAINTENANCE
2026-08-05 04:35:00 WN8845 BNA ON-TIME 10:00
2026-08-05 04:40:00 WN9956 OAK CANCELLED REASON=WEATHER
2026-08-05 04:45:00 WN1011 SAN ON-TIME 11:00
2026-08-05 05:00:00 WN1122 ATL DELAYED 12:00 REASON=LATE_AIRCRAFT
2026-08-05 05:05:00 WN1233 MCO ON-TIME 13:00
2026-08-05 05:10:00 WN1344 BWI DELAYED 14:00 REASON=CREW
2026-08-05 05:15:00 WN1455 SEA ON-TIME 15:30
2026-08-05 05:20:00 WN1566 SJC CANCELLED REASON=MAINTENANCE
2026-08-05 05:25:00 WN1677 TPA ON-TIME 16:00
2026-08-05 05:30:00 WN1788 MSY DELAYED 17:00 REASON=WEATHER
2026-08-05 05:35:00 WN1899 RDU ON-TIME 18:00
2026-08-05 05:40:00 WN2010 PHL DELAYED 19:00 REASON=LATE_AIRCRAFT
2026-08-05 05:45:00 WN2121 BOS ON-TIME 20:00
2026-08-05 06:00:00 WN2232 DTW CANCELLED REASON=WEATHER
2026-08-05 06:05:00 WN2343 STL ON-TIME 07:00
2026-08-05 06:10:00 WN2454 MCI DELAYED 08:30 REASON=MAINTENANCE
2026-08-05 06:15:00 WN2565 ABQ ON-TIME 09:00
2026-08-05 06:20:00 WN2676 ELP DELAYED 10:30 REASON=CREW
2026-08-05 06:25:00 WN2787 SAT ON-TIME 11:00
2026-08-05 06:30:00 WN2898 AUS DELAYED 12:30 REASON=LATE_AIRCRAFT
2026-08-05 06:35:00 WN2909 OKC ON-TIME 13:00
2026-08-05 06:40:00 WN3010 TUL CANCELLED REASON=WEATHER
2026-08-05 06:45:00 WN3121 LIT ON-TIME 14:00
2026-08-05 07:00:00 WN3232 BHM DELAYED 15:30 REASON=MAINTENANCE
2026-08-05 07:05:00 WN3343 MEM ON-TIME 16:00
2026-08-05 07:10:00 WN3454 JAX DELAYED 17:30 REASON=WEATHER
2026-08-05 07:15:00 WN3565 PNS ON-TIME 18:00
2026-08-05 07:20:00 WN3676 MOB CANCELLED REASON=CREW
2026-08-05 07:25:00 WN3787 GPT ON-TIME 19:00
2026-08-05 07:30:00 WN3898 MLB DELAYED 20:30 REASON=LATE_AIRCRAFT
2026-08-05 07:35:00 WN3909 RSW ON-TIME 21:00
2026-08-05 07:40:00 WN4010 SRQ CANCELLED REASON=WEATHER
2026-08-05 07:45:00 WN4121 PIE ON-TIME 22:00
2026-08-05 08:00:00 WN4232 GNV DELAYED 09:30 REASON=MAINTENANCE
2026-08-05 08:05:00 WN4343 DAB ON-TIME 10:00
2026-08-05 08:10:00 WN4454 SFB DELAYED 11:30 REASON=CREW
2026-08-05 08:15:00 WN4565 ISP ON-TIME 12:00
2026-08-05 08:20:00 WN4676 BDL CANCELLED REASON=WEATHER
2026-08-05 08:25:00 WN4787 PVD ON-TIME 13:00
2026-08-05 08:30:00 WN4898 MHT DELAYED 14:30 REASON=LATE_AIRCRAFT
2026-08-05 08:35:00 WN4909 BWI ON-TIME 15:00
2026-08-05 08:40:00 WN5010 MDW DELAYED 16:30 REASON=WEATHER
2026-08-05 08:45:00 WN5121 HOU ON-TIME 17:00
