2026-08-05 04:00:01 ERROR checkin-api DATABASE_CONNECTION_TIMEOUT host=db-primary-01
2026-08-05 04:05:22 WARN  baggage-api SLOW_RESPONSE time=2300ms threshold=1000ms
2026-08-05 04:10:45 ERROR flight-api NULL_POINTER_EXCEPTION class=FlightStatusService
2026-08-05 04:15:33 INFO  checkin-api DATABASE_CONNECTION_RESTORED host=db-primary-01
2026-08-05 04:20:11 ERROR baggage-api SCANNER_OFFLINE terminal=TERMINAL-2 gate=B12
2026-08-05 04:25:44 WARN  flight-api HIGH_MEMORY_USAGE used=87% threshold=80%
2026-08-05 05:00:55 ERROR checkin-api PAYMENT_GATEWAY_TIMEOUT amount=450.00
2026-08-05 05:05:22 INFO  baggage-api SCANNER_RESTORED terminal=TERMINAL-2 gate=B12
2026-08-05 05:10:33 ERROR flight-api DISK_FULL partition=/var/log used=98%
2026-08-05 05:15:44 WARN  checkin-api HIGH_CPU_USAGE used=92% threshold=85%
2026-08-05 05:20:11 ERROR baggage-api DATABASE_CONNECTION_TIMEOUT host=db-baggage-02
2026-08-05 05:25:22 INFO  flight-api DISK_CLEANUP completed freed=15GB
2026-08-05 05:30:33 ERROR checkin-api SESSION_EXPIRED passenger=PASSENGER-1006
2026-08-05 05:35:44 WARN  baggage-api SLOW_RESPONSE time=3100ms threshold=1000ms
2026-08-05 05:40:55 ERROR flight-api NETWORK_TIMEOUT destination=DAL gateway=GW-01
2026-08-05 05:45:11 INFO  checkin-api CACHE_CLEARED size=2GB
2026-08-05 06:00:22 ERROR baggage-api SCANNER_OFFLINE terminal=TERMINAL-3 gate=C7
2026-08-05 06:05:33 WARN  flight-api MEMORY_LEAK detected=true service=FlightTracker
2026-08-05 06:10:44 ERROR checkin-api AUTHENTICATION_FAILED user=admin attempts=3
2026-08-05 06:15:55 INFO  baggage-api SCANNER_RESTORED terminal=TERMINAL-3 gate=C7
2026-08-05 06:20:11 ERROR flight-api CPU_SPIKE used=99% duration=120s
2026-08-05 06:25:22 WARN  checkin-api QUEUE_OVERFLOW size=5000 max=3000
2026-08-05 06:30:33 ERROR baggage-api CONVEYOR_BELT_JAM terminal=TERMINAL-1 belt=B3
2026-08-05 06:35:44 INFO  flight-api SERVICE_RESTARTED uptime=0s
2026-08-05 06:40:55 ERROR checkin-api BOARDING_PASS_INVALID flight=WN3341
2026-08-05 06:45:11 WARN  baggage-api HIGH_VOLUME bags=500 threshold=300
2026-08-05 07:00:22 ERROR flight-api API_RATE_LIMIT_EXCEEDED calls=10000 max=5000
2026-08-05 07:05:33 INFO  checkin-api LOAD_BALANCER_ADDED node=app-server-04
2026-08-05 07:10:44 ERROR baggage-api RFID_READER_OFFLINE terminal=TERMINAL-2 reader=R4
2026-08-05 07:15:55 WARN  flight-api BACKUP_DELAYED expected=06:00 actual=07:15
2026-08-05 07:20:11 ERROR checkin-api DATABASE_REPLICA_LAG lag=45s threshold=10s
2026-08-05 07:25:22 INFO  baggage-api RFID_READER_RESTORED terminal=TERMINAL-2 reader=R4
2026-08-05 07:30:33 ERROR flight-api CERTIFICATE_EXPIRED domain=api.southwest.com
2026-08-05 07:35:44 WARN  checkin-api SLOW_QUERY time=8000ms query=GetPassengerList
2026-08-05 07:40:55 ERROR baggage-api WEIGHT_SCALE_OFFLINE terminal=TERMINAL-3 scale=S2
2026-08-05 07:45:11 INFO  flight-api CERTIFICATE_RENEWED domain=api.southwest.com
2026-08-05 08:00:22 ERROR checkin-api MICROSERVICE_DOWN service=SeatAssignment
2026-08-05 08:05:33 WARN  baggage-api BATTERY_LOW device=SCANNER-07 level=12%
2026-08-05 08:10:44 ERROR flight-api FIREWALL_BLOCK ip=192.168.1.100 port=8443
2026-08-05 08:15:55 INFO  checkin-api MICROSERVICE_RESTORED service=SeatAssignment
2026-08-05 08:20:11 ERROR baggage-api NETWORK_SWITCH_DOWN switch=SW-TERMINAL-1
2026-08-05 08:25:22 WARN  flight-api PASSENGER_DATA_SYNC_DELAY delay=300s
2026-08-05 08:30:33 ERROR checkin-api REDIS_CACHE_FULL used=100% host=cache-01
2026-08-05 08:35:44 INFO  baggage-api NETWORK_SWITCH_RESTORED switch=SW-TERMINAL-1
2026-08-05 08:40:55 ERROR flight-api LOAD_BALANCER_DOWN node=lb-primary
2026-08-05 08:45:11 WARN  checkin-api HEALTH_CHECK_FAILED service=PaymentGateway
2026-08-05 08:50:22 ERROR baggage-api POWER_OUTAGE terminal=TERMINAL-2 duration=120s
2026-08-05 08:55:33 INFO  flight-api LOAD_BALANCER_FAILOVER node=lb-secondary
2026-08-05 09:00:44 ERROR checkin-api SSL_HANDSHAKE_FAILED host=payment-gateway-01
2026-08-05 09:05:55 WARN  baggage-api TEMPERATURE_HIGH terminal=TERMINAL-2 temp=95F
